<?xml version="1.0" encoding="utf-8"?><testsuites name="pytest tests"><testsuite name="pytest" errors="0" failures="0" skipped="0" tests="32" time="0.101" timestamp="2026-09-05T16:29:03.980133-03:00" hostname="X99-F8"><testcase classname="tests.unit.test_ohlc_format_integrity.TestUS1ValidBars" name="test_single_valid_bar" time="0.001" /><testcase classname="tests.unit.test_ohlc_format_integrity.TestUS1ValidBars" name="test_multiple_valid_bars_ordered" time="0.001" /><testcase classname="tests.unit.test_ohlc_format_integrity.TestUS1ValidationError" name="test_missing_fields" time="0.001" /><testcase classname="tests.unit.test_ohlc_format_integrity.TestUS1ValidationError" name="test_high_less_than_open_close" time="0.001" /><testcase classname="tests.unit.test_ohlc_format_integrity.TestValidateOhlcFormat" name="test_valid_format" time="0.001" /><testcase classname="tests.unit.test_ohlc_format_integrity.TestValidateOhlcFormat" name="test_invalid_format_missing_fields" time="0.000" /><testcase classname="tests.unit.test_ohlc_format_integrity.TestValidateOhlcFormat" name="test_negative_prices_rejected" time="0.001" /><testcase classname="tests.unit.test_ohlc_format_integrity.TestValidateOhlcFormat" name="test_zero_prices_rejected" time="0.001" /><testcase classname="tests.unit.test_ohlc_format_integrity.TestValidateOhlcFormat" name="test_negative_timestamp_rejected" time="0.001" /><testcase classname="tests.unit.test_ohlc_format_integrity.TestUS1ValidationPositive" name="test_valid_all_positive_prices" time="0.001" /><testcase classname="tests.unit.test_ohlc_format_integrity.TestUS1ValidationPositive" name="test_negative_bid_rejected" time="0.001" /><testcase classname="tests.unit.test_ohlc_format_integrity.TestUS1ValidationPositive" name="test_negative_ask_rejected" time="0.001" /><testcase classname="tests.unit.test_ohlc_order_gaps.TestUS2TemporalOrder" name="test_valid_ordered_sequence" time="0.001" /><testcase classname="tests.unit.test_ohlc_order_gaps.TestUS2TemporalOrder" name="test_duplicate_timestamps" time="0.001" /><testcase classname="tests.unit.test_ohlc_order_gaps.TestUS2Gaps" name="test_gap_1_bar_interpolation" time="0.001" /><testcase classname="tests.unit.test_ohlc_order_gaps.TestUS2Gaps" name="test_gap_5_bars_gap_dados" time="0.001" /><testcase classname="tests.unit.test_ohlc_order_gaps.TestUS2WeekendFill" name="test_weekend_gap_forward_fill" time="0.001" /><testcase classname="tests.unit.test_ohlc_sync.TestUS3Sync" name="test_partial_overlap_sync" time="0.001" /><testcase classname="tests.unit.test_ohlc_sync.TestUS3Sync" name="test_sync_result_type" time="0.001" /><testcase classname="tests.unit.test_ohlc_sync.TestUS3Sync" name="test_sync_respects_utc" time="0.001" /><testcase classname="tests.unit.test_ohlc_transform.TestUS4MidPrice" name="test_mid_price_calculation" time="0.001" /><testcase classname="tests.unit.test_ohlc_transform.TestUS4MidPrice" name="test_mid_price_from_fixture" time="0.001" /><testcase classname="tests.unit.test_ohlc_transform.TestUS4LogPrice" name="test_log_price_from_fixture" time="0.001" /><testcase classname="tests.unit.test_ohlc_transform.TestUS4TransformIntegration" name="test_transform_single_bar" time="0.001" /><testcase classname="tests.unit.test_ohlc_transform.TestUS4TransformIntegration" name="test_transform_multiple_bars" time="0.001" /><testcase classname="tests.unit.test_success_criteria.TestSC001" name="test_format_invalido" time="0.001" /><testcase classname="tests.unit.test_success_criteria.TestSC001" name="test_integridade_preco_invalida" time="0.001" /><testcase classname="tests.unit.test_success_criteria.TestSC001" name="test_ordem_temporal_invalida" time="0.001" /><testcase classname="tests.unit.test_success_criteria.TestSC002" name="test_gap_1_interpolated" time="0.001" /><testcase classname="tests.unit.test_success_criteria.TestSC002" name="test_gap_5_neutro" time="0.001" /><testcase classname="tests.unit.test_success_criteria.TestSC003" name="test_transform_values" time="0.001" /><testcase classname="tests.unit.test_success_criteria.TestSC004" name="test_no_filter_imports" time="0.001" /></testsuite></testsuites>